Component: Arm Compiler for Embedded 6.19 Tool: armlink [5e73cb00]

==============================================================================

Section Cross References

    main.o(.text) refers to cop_wdt.o(.text) for Init_COP_WDT
    main.o(.text) refers to leds.o(.text) for Init_RGB_LEDs
    main.o(.text) refers to i2c.o(.text) for i2c_init
    main.o(.text) refers to mma8451.o(.text) for init_mma
    main.o(.text) refers to delay.o(.text) for Delay
    main.o(.text) refers to fcmpgt.o(.text) for __aeabi_fcmpgt
    main.o(.text) refers to fcmple.o(.text) for __aeabi_fcmple
    main.o(.text) refers to mma8451.o(.bss.roll) for roll
    main.o(.text) refers to mma8451.o(.bss.pitch) for pitch
    main.o(.ARM.exidx) refers to main.o(.text) for [Anonymous Symbol]
    leds.o(.ARM.exidx) refers to leds.o(.text) for [Anonymous Symbol]
    i2c.o(.text) refers to i2c.o(.bss.lock_detect) for lock_detect
    i2c.o(.text) refers to i2c.o(.bss.i2c_lock) for i2c_lock
    i2c.o(.ARM.exidx) refers to i2c.o(.text) for [Anonymous Symbol]
    mma8451.o(.text) refers to i2c.o(.text) for i2c_read_byte
    mma8451.o(.text) refers to delay.o(.text) for Delay
    mma8451.o(.text) refers to mma8451.o(.bss.acc_X) for acc_X
    mma8451.o(.text) refers to mma8451.o(.bss.acc_Y) for acc_Y
    mma8451.o(.text) refers to mma8451.o(.bss.acc_Z) for acc_Z
    mma8451.o(.text) refers to dflti.o(.text) for __aeabi_i2d
    mma8451.o(.text) refers to dmul.o(.text) for __aeabi_dmul
    mma8451.o(.text) refers to d2f.o(.text) for __aeabi_d2f
    mma8451.o(.text) refers to f2d.o(.text) for __aeabi_f2d
    mma8451.o(.text) refers to atan2.o(i.atan2) for atan2
    mma8451.o(.text) refers to ddiv.o(.text) for __aeabi_ddiv
    mma8451.o(.text) refers to fmul.o(.text) for __aeabi_fmul
    mma8451.o(.text) refers to fadd.o(.text) for __aeabi_fadd
    mma8451.o(.text) refers to sqrt.o(i.sqrt) for sqrt
    mma8451.o(.text) refers to mma8451.o(.bss.roll) for roll
    mma8451.o(.text) refers to mma8451.o(.bss.pitch) for pitch
    mma8451.o(.ARM.exidx) refers to mma8451.o(.text) for [Anonymous Symbol]
    delay.o(.ARM.exidx) refers to delay.o(.text) for [Anonymous Symbol]
    cop_wdt.o(.text) refers to leds.o(.text) for Control_RGB_LEDs
    cop_wdt.o(.text) refers to delay.o(.text) for Delay
    cop_wdt.o(.ARM.exidx) refers to cop_wdt.o(.text) for [Anonymous Symbol]
    startup_mkl25z4.o(RESET) refers to startup_mkl25z4.o(STACK) for __initial_sp
    startup_mkl25z4.o(RESET) refers to startup_mkl25z4.o(.text) for Reset_Handler
    startup_mkl25z4.o(.text) refers to system_mkl25z4.o(.text) for SystemInit
    startup_mkl25z4.o(.text) refers to entry.o(.ARM.Collect$$$$00000000) for __main
    system_mkl25z4.o(.text) refers to uidiv_div0.o(.text) for __aeabi_uidiv
    system_mkl25z4.o(.text) refers to system_mkl25z4.o(.data.SystemCoreClock) for SystemCoreClock
    system_mkl25z4.o(.ARM.exidx) refers to system_mkl25z4.o(.text) for [Anonymous Symbol]
    atan2.o(i.__softfp_atan2) refers (Special) to iusefp.o(.text) for __I$use$fp
    atan2.o(i.__softfp_atan2) refers to atan2.o(i.atan2) for atan2
    atan2.o(i.atan2) refers (Special) to iusefp.o(.text) for __I$use$fp
    atan2.o(i.atan2) refers to dunder.o(i.__mathlib_dbl_infnan2) for __mathlib_dbl_infnan2
    atan2.o(i.atan2) refers to atan.o(i.atan) for atan
    atan2.o(i.atan2) refers to ddiv.o(.text) for __aeabi_ddiv
    atan2.o(i.atan2) refers to dadd.o(.text) for __aeabi_dsub
    atan2.o(i.atan2) refers to cdcmple.o(.text) for __aeabi_cdcmpeq
    atan2.o(i.atan2) refers to errno.o(i.__set_errno) for __set_errno
    atan2.o(i.atan2) refers to qnan.o(.constdata) for __mathlib_zero
    sqrt.o(i.__softfp_sqrt) refers (Special) to iusefp.o(.text) for __I$use$fp
    sqrt.o(i.__softfp_sqrt) refers to dsqrt.o(.text) for _dsqrt
    sqrt.o(i.__softfp_sqrt) refers to errno.o(i.__set_errno) for __set_errno
    sqrt.o(i.sqrt) refers (Special) to iusefp.o(.text) for __I$use$fp
    sqrt.o(i.sqrt) refers to dsqrt.o(.text) for _dsqrt
    sqrt.o(i.sqrt) refers to errno.o(i.__set_errno) for __set_errno
    entry.o(.ARM.Collect$$$$00000000) refers (Special) to entry10a.o(.ARM.Collect$$$$0000000D) for __rt_final_cpp
    entry.o(.ARM.Collect$$$$00000000) refers (Special) to entry11a.o(.ARM.Collect$$$$0000000F) for __rt_final_exit
    entry.o(.ARM.Collect$$$$00000000) refers (Special) to entry7b.o(.ARM.Collect$$$$00000008) for _main_clock
    entry.o(.ARM.Collect$$$$00000000) refers (Special) to entry8b.o(.ARM.Collect$$$$0000000A) for _main_cpp_init
    entry.o(.ARM.Collect$$$$00000000) refers (Special) to entry9a.o(.ARM.Collect$$$$0000000B) for _main_init
    entry.o(.ARM.Collect$$$$00000000) refers (Special) to entry5.o(.ARM.Collect$$$$00000004) for _main_scatterload
    entry.o(.ARM.Collect$$$$00000000) refers (Special) to entry2.o(.ARM.Collect$$$$00000001) for _main_stk
    fadd.o(.text) refers (Special) to iusefp.o(.text) for __I$use$fp
    fadd.o(.text) refers to fepilogue.o(.text) for _float_epilogue
    fmul.o(.text) refers (Special) to iusefp.o(.text) for __I$use$fp
    dmul.o(.text) refers (Special) to iusefp.o(.text) for __I$use$fp
    dmul.o(.text) refers to depilogue.o(.text) for _double_epilogue
    ddiv.o(.text) refers (Special) to iusefp.o(.text) for __I$use$fp
    ddiv.o(.text) refers to depilogue.o(.text) for _double_round
    fcmple.o(.text) refers (Special) to iusefp.o(.text) for __I$use$fp
    fcmpgt.o(.text) refers (Special) to iusefp.o(.text) for __I$use$fp
    dflti.o(.text) refers (Special) to iusefp.o(.text) for __I$use$fp
    dflti.o(.text) refers to depilogue.o(.text) for _double_epilogue
    f2d.o(.text) refers (Special) to iusefp.o(.text) for __I$use$fp
    d2f.o(.text) refers (Special) to iusefp.o(.text) for __I$use$fp
    d2f.o(.text) refers to fepilogue.o(.text) for _float_round
    atan.o(i.__softfp_atan) refers (Special) to iusefp.o(.text) for __I$use$fp
    atan.o(i.__softfp_atan) refers to atan.o(i.atan) for atan
    atan.o(i.atan) refers (Special) to iusefp.o(.text) for __I$use$fp
    atan.o(i.atan) refers to dunder.o(i.__mathlib_dbl_infnan) for __mathlib_dbl_infnan
    atan.o(i.atan) refers to fpclassify.o(i.__ARM_fpclassify) for __ARM_fpclassify
    atan.o(i.atan) refers to dunder.o(i.__mathlib_dbl_underflow) for __mathlib_dbl_underflow
    atan.o(i.atan) refers to dadd.o(.text) for __aeabi_dadd
    atan.o(i.atan) refers to dscalb.o(.text) for __ARM_scalbn
    atan.o(i.atan) refers to ddiv.o(.text) for __aeabi_ddiv
    atan.o(i.atan) refers to dmul.o(.text) for __aeabi_dmul
    atan.o(i.atan) refers to poly.o(i.__kernel_poly) for __kernel_poly
    atan.o(i.atan) refers to atan.o(.constdata) for .constdata
    atan.o(.constdata) refers (Special) to iusefp.o(.text) for __I$use$fp
    dunder.o(i.__mathlib_dbl_divzero) refers to ddiv.o(.text) for __aeabi_ddiv
    dunder.o(i.__mathlib_dbl_infnan) refers to dscalb.o(.text) for __ARM_scalbn
    dunder.o(i.__mathlib_dbl_infnan2) refers to dadd.o(.text) for __aeabi_dadd
    dunder.o(i.__mathlib_dbl_invalid) refers to ddiv.o(.text) for __aeabi_ddiv
    dunder.o(i.__mathlib_dbl_overflow) refers to dscalb.o(.text) for __ARM_scalbn
    dunder.o(i.__mathlib_dbl_posinfnan) refers to dmul.o(.text) for __aeabi_dmul
    dunder.o(i.__mathlib_dbl_underflow) refers to dscalb.o(.text) for __ARM_scalbn
    qnan.o(.constdata) refers (Special) to iusefp.o(.text) for __I$use$fp
    entry2.o(.ARM.Collect$$$$00000001) refers to entry2.o(.ARM.Collect$$$$00002712) for __lit__00000000
    entry2.o(.ARM.Collect$$$$00002712) refers to startup_mkl25z4.o(STACK) for __initial_sp
    entry2.o(__vectab_stack_and_reset_area) refers to startup_mkl25z4.o(STACK) for __initial_sp
    entry2.o(__vectab_stack_and_reset_area) refers to entry.o(.ARM.Collect$$$$00000000) for __main
    entry5.o(.ARM.Collect$$$$00000004) refers to init.o(.text) for __scatterload
    entry9a.o(.ARM.Collect$$$$0000000B) refers to main.o(.text) for main
    entry9b.o(.ARM.Collect$$$$0000000C) refers to main.o(.text) for main
    idiv_div0.o(.text) refers to uidiv_div0.o(.text) for __aeabi_uidivmod
    errno.o(i.__aeabi_errno_addr) refers to errno.o(.data) for .data
    errno.o(i.__read_errno) refers to errno.o(.data) for .data
    errno.o(i.__set_errno) refers to errno.o(.data) for .data
    fepilogue.o(.text) refers (Special) to iusefp.o(.text) for __I$use$fp
    depilogue.o(.text) refers (Special) to iusefp.o(.text) for __I$use$fp
    depilogue.o(.text) refers to depilogue.o(i.__ARM_clz) for __ARM_clz
    depilogue.o(.text) refers to llshl.o(.text) for __aeabi_llsl
    depilogue.o(.text) refers to llushr.o(.text) for __aeabi_llsr
    dadd.o(.text) refers (Special) to iusefp.o(.text) for __I$use$fp
    dadd.o(.text) refers to llshl.o(.text) for __aeabi_llsl
    dadd.o(.text) refers to llsshr.o(.text) for __aeabi_lasr
    dadd.o(.text) refers to depilogue.o(.text) for _double_epilogue
    dsqrt.o(.text) refers (Special) to iusefp.o(.text) for __I$use$fp
    dsqrt.o(.text) refers to llushr.o(.text) for __aeabi_llsr
    dsqrt.o(.text) refers to depilogue.o(.text) for _double_round
    cdcmple.o(.text) refers (Special) to iusefp.o(.text) for __I$use$fp
    fpclassify.o(i.__ARM_fpclassify) refers (Special) to iusefp.o(.text) for __I$use$fp
    poly.o(i.__kernel_poly) refers (Special) to iusefp.o(.text) for __I$use$fp
    poly.o(i.__kernel_poly) refers to dmul.o(.text) for __aeabi_dmul
    poly.o(i.__kernel_poly) refers to dadd.o(.text) for __aeabi_dadd
    init.o(.text) refers to entry5.o(.ARM.Collect$$$$00000004) for __main_after_scatterload
    dscalb.o(.text) refers (Special) to iusefp.o(.text) for __I$use$fp
    depilogue.o(i.__ARM_clz) refers (Special) to iusefp.o(.text) for __I$use$fp


==============================================================================

Removing Unused input sections from the image.

    Removing main.o(.ARM.exidx), (8 bytes).
    Removing main.o(.ARM.use_no_argv), (4 bytes).
    Removing leds.o(.ARM.exidx), (16 bytes).
    Removing i2c.o(.ARM.exidx), (64 bytes).
    Removing mma8451.o(.ARM.exidx), (32 bytes).
    Removing delay.o(.ARM.exidx), (8 bytes).
    Removing cop_wdt.o(.ARM.exidx), (24 bytes).
    Removing startup_mkl25z4.o(HEAP), (0 bytes).
    Removing system_mkl25z4.o(.ARM.exidx), (16 bytes).

9 unused section(s) (total 172 bytes) removed from the image.

==============================================================================

Image Symbol Table

    Local Symbols

    Symbol Name                              Value     Ov Type        Size  Object(Section)

    ../clib/division.s                       0x00000000   Number         0  aeabi_sdivfast.o ABSOLUTE
    ../clib/division.s                       0x00000000   Number         0  aeabi_sdivfast_div0.o ABSOLUTE
    ../clib/microlib/division.c              0x00000000   Number         0  uidiv.o ABSOLUTE
    ../clib/microlib/division.c              0x00000000   Number         0  uidiv_div0.o ABSOLUTE
    ../clib/microlib/division.c              0x00000000   Number         0  idiv_div0.o ABSOLUTE
    ../clib/microlib/division.c              0x00000000   Number         0  idiv0.o ABSOLUTE
    ../clib/microlib/errno.c                 0x00000000   Number         0  errno.o ABSOLUTE
    ../clib/microlib/init/entry.s            0x00000000   Number         0  entry.o ABSOLUTE
    ../clib/microlib/init/entry.s            0x00000000   Number         0  entry2.o ABSOLUTE
    ../clib/microlib/init/entry.s            0x00000000   Number         0  entry5.o ABSOLUTE
    ../clib/microlib/init/entry.s            0x00000000   Number         0  entry7a.o ABSOLUTE
    ../clib/microlib/init/entry.s            0x00000000   Number         0  entry7b.o ABSOLUTE
    ../clib/microlib/init/entry.s            0x00000000   Number         0  entry8a.o ABSOLUTE
    ../clib/microlib/init/entry.s            0x00000000   Number         0  entry8b.o ABSOLUTE
    ../clib/microlib/init/entry.s            0x00000000   Number         0  entry9a.o ABSOLUTE
    ../clib/microlib/init/entry.s            0x00000000   Number         0  entry9b.o ABSOLUTE
    ../clib/microlib/init/entry.s            0x00000000   Number         0  entry10a.o ABSOLUTE
    ../clib/microlib/init/entry.s            0x00000000   Number         0  entry10b.o ABSOLUTE
    ../clib/microlib/init/entry.s            0x00000000   Number         0  entry11a.o ABSOLUTE
    ../clib/microlib/init/entry.s            0x00000000   Number         0  entry11b.o ABSOLUTE
    ../clib/microlib/longlong.c              0x00000000   Number         0  llshl.o ABSOLUTE
    ../clib/microlib/longlong.c              0x00000000   Number         0  llushr.o ABSOLUTE
    ../clib/microlib/longlong.c              0x00000000   Number         0  llsshr.o ABSOLUTE
    ../clib/microlib/stubs.s                 0x00000000   Number         0  iusefp.o ABSOLUTE
    ../fplib/microlib/d2f.c                  0x00000000   Number         0  d2f.o ABSOLUTE
    ../fplib/microlib/f2d.c                  0x00000000   Number         0  f2d.o ABSOLUTE
    ../fplib/microlib/fpadd.c                0x00000000   Number         0  fadd.o ABSOLUTE
    ../fplib/microlib/fpadd.c                0x00000000   Number         0  dadd.o ABSOLUTE
    ../fplib/microlib/fpcmp.c                0x00000000   Number         0  fcmple.o ABSOLUTE
    ../fplib/microlib/fpcmp.c                0x00000000   Number         0  fcmpgt.o ABSOLUTE
    ../fplib/microlib/fpdiv.c                0x00000000   Number         0  ddiv.o ABSOLUTE
    ../fplib/microlib/fpepilogue.c           0x00000000   Number         0  fepilogue.o ABSOLUTE
    ../fplib/microlib/fpepilogue.c           0x00000000   Number         0  depilogue.o ABSOLUTE
    ../fplib/microlib/fpflt.c                0x00000000   Number         0  dflti.o ABSOLUTE
    ../fplib/microlib/fpmul.c                0x00000000   Number         0  fmul.o ABSOLUTE
    ../fplib/microlib/fpmul.c                0x00000000   Number         0  dmul.o ABSOLUTE
    ../fplib/microlib/fpscalb.c              0x00000000   Number         0  dscalb.o ABSOLUTE
    ../fplib/microlib/fpsqrt.c               0x00000000   Number         0  dsqrt.o ABSOLUTE
    ../mathlib/atan.c                        0x00000000   Number         0  atan.o ABSOLUTE
    ../mathlib/atan2.c                       0x00000000   Number         0  atan2.o ABSOLUTE
    ../mathlib/dunder.c                      0x00000000   Number         0  dunder.o ABSOLUTE
    ../mathlib/fpclassify.c                  0x00000000   Number         0  fpclassify.o ABSOLUTE
    ../mathlib/poly.c                        0x00000000   Number         0  poly.o ABSOLUTE
    ../mathlib/qnan.c                        0x00000000   Number         0  qnan.o ABSOLUTE
    ../mathlib/sqrt.c                        0x00000000   Number         0  sqrt.o ABSOLUTE
    COP_WDT.c                                0x00000000   Number         0  cop_wdt.o ABSOLUTE
    LEDs.c                                   0x00000000   Number         0  leds.o ABSOLUTE
    RTE/Device/MKL25Z128xxx4/startup_MKL25Z4.s 0x00000000   Number         0  startup_mkl25z4.o ABSOLUTE
    cdcmple.s                                0x00000000   Number         0  cdcmple.o ABSOLUTE
    dc.s                                     0x00000000   Number         0  dc.o ABSOLUTE
    delay.c                                  0x00000000   Number         0  delay.o ABSOLUTE
    handlers.s                               0x00000000   Number         0  handlers.o ABSOLUTE
    i2c.c                                    0x00000000   Number         0  i2c.o ABSOLUTE
    init.s                                   0x00000000   Number         0  init.o ABSOLUTE
    main.c                                   0x00000000   Number         0  main.o ABSOLUTE
    mma8451.c                                0x00000000   Number         0  mma8451.o ABSOLUTE
    system_MKL25Z4.c                         0x00000000   Number         0  system_mkl25z4.o ABSOLUTE
    RESET                                    0x00000000   Section      192  startup_mkl25z4.o(RESET)
    .ARM.Collect$$$$00000000                 0x000000c0   Section        0  entry.o(.ARM.Collect$$$$00000000)
    .ARM.Collect$$$$00000001                 0x000000c0   Section        4  entry2.o(.ARM.Collect$$$$00000001)
    .ARM.Collect$$$$00000004                 0x000000c4   Section        4  entry5.o(.ARM.Collect$$$$00000004)
    .ARM.Collect$$$$00000008                 0x000000c8   Section        0  entry7b.o(.ARM.Collect$$$$00000008)
    .ARM.Collect$$$$0000000A                 0x000000c8   Section        0  entry8b.o(.ARM.Collect$$$$0000000A)
    .ARM.Collect$$$$0000000B                 0x000000c8   Section        8  entry9a.o(.ARM.Collect$$$$0000000B)
    __lit__00000000                          0x000000d0   Data           4  entry2.o(.ARM.Collect$$$$00002712)
    .ARM.Collect$$$$0000000D                 0x000000d0   Section        0  entry10a.o(.ARM.Collect$$$$0000000D)
    .ARM.Collect$$$$0000000F                 0x000000d0   Section        0  entry11a.o(.ARM.Collect$$$$0000000F)
    .ARM.Collect$$$$00002712                 0x000000d0   Section        4  entry2.o(.ARM.Collect$$$$00002712)
    [Anonymous Symbol]                       0x000000d4   Section        0  main.o(.text)
    __arm_cp.0_0                             0x0000015c   Number         4  main.o(.text)
    __arm_cp.0_1                             0x00000160   Number         4  main.o(.text)
    __arm_cp.0_2                             0x00000164   Number         4  main.o(.text)
    __arm_cp.0_3                             0x00000168   Number         4  main.o(.text)
    [Anonymous Symbol]                       0x0000016c   Section        0  leds.o(.text)
    __arm_cp.0_0                             0x000001c0   Number         4  leds.o(.text)
    __arm_cp.0_1                             0x000001c4   Number         4  leds.o(.text)
    __arm_cp.0_2                             0x000001c8   Number         4  leds.o(.text)
    __arm_cp.0_3                             0x000001cc   Number         4  leds.o(.text)
    __arm_cp.0_4                             0x000001d0   Number         4  leds.o(.text)
    __arm_cp.0_5                             0x000001d4   Number         4  leds.o(.text)
    __arm_cp.1_0                             0x00000208   Number         4  leds.o(.text)
    __arm_cp.1_1                             0x0000020c   Number         4  leds.o(.text)
    [Anonymous Symbol]                       0x00000210   Section        0  delay.o(.text)
    __arm_cp.0_0                             0x00000230   Number         4  delay.o(.text)
    [Anonymous Symbol]                       0x00000234   Section        0  cop_wdt.o(.text)
    __arm_cp.0_0                             0x0000023c   Number         4  cop_wdt.o(.text)
    __arm_cp.1_0                             0x0000024c   Number         4  cop_wdt.o(.text)
    __arm_cp.2_0                             0x0000028c   Number         4  cop_wdt.o(.text)
    .text                                    0x00000290   Section       40  startup_mkl25z4.o(.text)
    .text                                    0x000002b8   Section        0  fadd.o(.text)
    .text                                    0x0000036a   Section        0  fmul.o(.text)
    .text                                    0x000003e4   Section        0  fcmple.o(.text)
    .ARM.__at_0x400                          0x00000400   Section       16  startup_mkl25z4.o(.ARM.__at_0x400)
    [Anonymous Symbol]                       0x00000410   Section        0  i2c.o(.text)
    __arm_cp.0_0                             0x00000450   Number         4  i2c.o(.text)
    __arm_cp.0_1                             0x00000454   Number         4  i2c.o(.text)
    __arm_cp.0_2                             0x00000458   Number         4  i2c.o(.text)
    __arm_cp.1_0                             0x000004fc   Number         4  i2c.o(.text)
    __arm_cp.1_1                             0x00000500   Number         4  i2c.o(.text)
    __arm_cp.1_2                             0x00000504   Number         4  i2c.o(.text)
    __arm_cp.2_0                             0x00000550   Number         4  i2c.o(.text)
    __arm_cp.2_1                             0x00000554   Number         4  i2c.o(.text)
    __arm_cp.3_0                             0x0000056c   Number         4  i2c.o(.text)
    __arm_cp.4_0                             0x00000660   Number         4  i2c.o(.text)
    __arm_cp.4_1                             0x00000664   Number         4  i2c.o(.text)
    __arm_cp.5_0                             0x000006c0   Number         4  i2c.o(.text)
    __arm_cp.5_1                             0x000006c4   Number         4  i2c.o(.text)
    __arm_cp.6_0                             0x00000824   Number         4  i2c.o(.text)
    __arm_cp.6_1                             0x00000828   Number         4  i2c.o(.text)
    __arm_cp.7_0                             0x00000920   Number         4  i2c.o(.text)
    __arm_cp.7_1                             0x00000924   Number         4  i2c.o(.text)
    [Anonymous Symbol]                       0x00000928   Section        0  mma8451.o(.text)
    __arm_cp.1_0                             0x000009cc   Number         4  mma8451.o(.text)
    __arm_cp.1_1                             0x000009d0   Number         4  mma8451.o(.text)
    __arm_cp.1_2                             0x000009d4   Number         4  mma8451.o(.text)
    __arm_cp.2_0                             0x00000a18   Number         4  mma8451.o(.text)
    __arm_cp.2_1                             0x00000a1c   Number         4  mma8451.o(.text)
    __arm_cp.2_2                             0x00000a20   Number         4  mma8451.o(.text)
    __arm_cp.3_0                             0x00000af8   Number         4  mma8451.o(.text)
    __arm_cp.3_1                             0x00000afc   Number         4  mma8451.o(.text)
    __arm_cp.3_2                             0x00000b00   Number         4  mma8451.o(.text)
    __arm_cp.3_3                             0x00000b04   Number         4  mma8451.o(.text)
    __arm_cp.3_4                             0x00000b08   Number         4  mma8451.o(.text)
    __arm_cp.3_5                             0x00000b0c   Number         4  mma8451.o(.text)
    __arm_cp.3_6                             0x00000b10   Number         4  mma8451.o(.text)
    __arm_cp.3_7                             0x00000b14   Number         4  mma8451.o(.text)
    __arm_cp.3_8                             0x00000b18   Number         4  mma8451.o(.text)
    [Anonymous Symbol]                       0x00000b1c   Section        0  system_mkl25z4.o(.text)
    __arm_cp.0_0                             0x00000bd4   Number         4  system_mkl25z4.o(.text)
    __arm_cp.0_1                             0x00000bd8   Number         4  system_mkl25z4.o(.text)
    __arm_cp.0_2                             0x00000bdc   Number         4  system_mkl25z4.o(.text)
    __arm_cp.0_3                             0x00000be0   Number         4  system_mkl25z4.o(.text)
    __arm_cp.0_4                             0x00000be4   Number         4  system_mkl25z4.o(.text)
    __arm_cp.0_5                             0x00000be8   Number         4  system_mkl25z4.o(.text)
    __arm_cp.0_6                             0x00000bec   Number         4  system_mkl25z4.o(.text)
    __arm_cp.0_7                             0x00000bf0   Number         4  system_mkl25z4.o(.text)
    __arm_cp.0_8                             0x00000bf4   Number         4  system_mkl25z4.o(.text)
    __arm_cp.0_9                             0x00000bf8   Number         4  system_mkl25z4.o(.text)
    __arm_cp.1_0                             0x00000cec   Number         4  system_mkl25z4.o(.text)
    __arm_cp.1_1                             0x00000cf0   Number         4  system_mkl25z4.o(.text)
    __arm_cp.1_2                             0x00000cf4   Number         4  system_mkl25z4.o(.text)
    __arm_cp.1_3                             0x00000cf8   Number         4  system_mkl25z4.o(.text)
    __arm_cp.1_4                             0x00000cfc   Number         4  system_mkl25z4.o(.text)
    __arm_cp.1_5                             0x00000d00   Number         4  system_mkl25z4.o(.text)
    __arm_cp.1_6                             0x00000d04   Number         4  system_mkl25z4.o(.text)
    .text                                    0x00000d08   Section        0  dmul.o(.text)
    .text                                    0x00000dd8   Section        0  ddiv.o(.text)
    .text                                    0x00000ec8   Section        0  fcmpgt.o(.text)
    .text                                    0x00000ee4   Section        0  dflti.o(.text)
    .text                                    0x00000f0c   Section        0  f2d.o(.text)
    .text                                    0x00000f34   Section        0  d2f.o(.text)
    .text                                    0x00000f6c   Section        0  uidiv_div0.o(.text)
    .text                                    0x00000faa   Section        0  iusefp.o(.text)
    .text                                    0x00000faa   Section        0  fepilogue.o(.text)
    .text                                    0x0000102c   Section        0  depilogue.o(.text)
    .text                                    0x000010ec   Section        0  dadd.o(.text)
    .text                                    0x00001250   Section        0  dsqrt.o(.text)
    .text                                    0x000012f4   Section       40  cdcmple.o(.text)
    .text                                    0x0000131c   Section       36  init.o(.text)
    .text                                    0x00001340   Section        0  llshl.o(.text)
    .text                                    0x00001360   Section        0  llushr.o(.text)
    .text                                    0x00001382   Section        0  llsshr.o(.text)
    .text                                    0x000013a8   Section        0  dscalb.o(.text)
    i.__ARM_clz                              0x000013d4   Section        0  depilogue.o(i.__ARM_clz)
    i.__ARM_fpclassify                       0x00001404   Section        0  fpclassify.o(i.__ARM_fpclassify)
    i.__kernel_poly                          0x00001430   Section        0  poly.o(i.__kernel_poly)
    i.__mathlib_dbl_infnan                   0x000014dc   Section        0  dunder.o(i.__mathlib_dbl_infnan)
    i.__mathlib_dbl_infnan2                  0x000014e6   Section        0  dunder.o(i.__mathlib_dbl_infnan2)
    i.__mathlib_dbl_underflow                0x000014f0   Section        0  dunder.o(i.__mathlib_dbl_underflow)
    i.__scatterload_copy                     0x00001504   Section       14  handlers.o(i.__scatterload_copy)
    i.__scatterload_null                     0x00001512   Section        2  handlers.o(i.__scatterload_null)
    i.__scatterload_zeroinit                 0x00001514   Section       14  handlers.o(i.__scatterload_zeroinit)
    i.__set_errno                            0x00001524   Section        0  errno.o(i.__set_errno)
    i.atan                                   0x00001530   Section        0  atan.o(i.atan)
    i.atan2                                  0x0000174c   Section        0  atan2.o(i.atan2)
    i.sqrt                                   0x000018e8   Section        0  sqrt.o(i.sqrt)
    atanhi                                   0x00001930   Data          32  atan.o(.constdata)
    .constdata                               0x00001930   Section      152  atan.o(.constdata)
    atanlo                                   0x00001950   Data          32  atan.o(.constdata)
    aTodd                                    0x00001970   Data          40  atan.o(.constdata)
    aTeven                                   0x00001998   Data          48  atan.o(.constdata)
    .constdata                               0x000019c8   Section        8  qnan.o(.constdata)
    _errno                                   0x1ffff000   Data           4  errno.o(.data)
    .data                                    0x1ffff000   Section        4  errno.o(.data)
    STACK                                    0x1ffff020   Section      256  startup_mkl25z4.o(STACK)

    Global Symbols

    Symbol Name                              Value     Ov Type        Size  Object(Section)

    BuildAttributes$$THM_ISAv3M$S$PE$A:L22$X:L11$S22$IEEE1$IW$~IW$USESV6$~STKCKD$USESV7$~SHL$OTIME$ROPI$IEEEX$EBA8$MICROLIB$REQ8$PRES8$EABIv2 0x00000000   Number         0  anon$$obj.o ABSOLUTE
    __Vectors                                0x00000000   Data           4  startup_mkl25z4.o(RESET)
    __cpp_initialize__aeabi_                  - Undefined Weak Reference
    __cxa_finalize                            - Undefined Weak Reference
    __decompress                              - Undefined Weak Reference
    _clock_init                               - Undefined Weak Reference
    _microlib_exit                            - Undefined Weak Reference
    __Vectors_End                            0x000000c0   Data           0  startup_mkl25z4.o(RESET)
    __Vectors_Size                           0x000000c0   Number         0  startup_mkl25z4.o ABSOLUTE
    __main                                   0x000000c1   Thumb Code     0  entry.o(.ARM.Collect$$$$00000000)
    _main_stk                                0x000000c1   Thumb Code     0  entry2.o(.ARM.Collect$$$$00000001)
    _main_scatterload                        0x000000c5   Thumb Code     0  entry5.o(.ARM.Collect$$$$00000004)
    __main_after_scatterload                 0x000000c9   Thumb Code     0  entry5.o(.ARM.Collect$$$$00000004)
    _main_clock                              0x000000c9   Thumb Code     0  entry7b.o(.ARM.Collect$$$$00000008)
    _main_cpp_init                           0x000000c9   Thumb Code     0  entry8b.o(.ARM.Collect$$$$0000000A)
    _main_init                               0x000000c9   Thumb Code     0  entry9a.o(.ARM.Collect$$$$0000000B)
    __rt_final_cpp                           0x000000d1   Thumb Code     0  entry10a.o(.ARM.Collect$$$$0000000D)
    __rt_final_exit                          0x000000d1   Thumb Code     0  entry11a.o(.ARM.Collect$$$$0000000F)
    main                                     0x000000d5   Thumb Code   136  main.o(.text)
    Init_RGB_LEDs                            0x0000016d   Thumb Code    84  leds.o(.text)
    Control_RGB_LEDs                         0x000001d9   Thumb Code    48  leds.o(.text)
    Delay                                    0x00000211   Thumb Code    32  delay.o(.text)
    Init_COP_WDT                             0x00000235   Thumb Code     8  cop_wdt.o(.text)
    Service_COP_WDT                          0x00000241   Thumb Code    12  cop_wdt.o(.text)
    Flash_Reset_Cause                        0x00000251   Thumb Code    60  cop_wdt.o(.text)
    Reset_Handler                            0x00000291   Thumb Code    12  startup_mkl25z4.o(.text)
    NMI_Handler                              0x0000029d   Thumb Code     2  startup_mkl25z4.o(.text)
    HardFault_Handler                        0x0000029f   Thumb Code     2  startup_mkl25z4.o(.text)
    SVC_Handler                              0x000002a1   Thumb Code     2  startup_mkl25z4.o(.text)
    PendSV_Handler                           0x000002a3   Thumb Code     2  startup_mkl25z4.o(.text)
    SysTick_Handler                          0x000002a5   Thumb Code     2  startup_mkl25z4.o(.text)
    ADC0_IRQHandler                          0x000002a7   Thumb Code     0  startup_mkl25z4.o(.text)
    CMP0_IRQHandler                          0x000002a7   Thumb Code     0  startup_mkl25z4.o(.text)
    DAC0_IRQHandler                          0x000002a7   Thumb Code     0  startup_mkl25z4.o(.text)
    DMA0_IRQHandler                          0x000002a7   Thumb Code     0  startup_mkl25z4.o(.text)
    DMA1_IRQHandler                          0x000002a7   Thumb Code     0  startup_mkl25z4.o(.text)
    DMA2_IRQHandler                          0x000002a7   Thumb Code     0  startup_mkl25z4.o(.text)
    DMA3_IRQHandler                          0x000002a7   Thumb Code     0  startup_mkl25z4.o(.text)
    DefaultISR                               0x000002a7   Thumb Code     0  startup_mkl25z4.o(.text)
    FTFA_IRQHandler                          0x000002a7   Thumb Code     0  startup_mkl25z4.o(.text)
    I2C0_IRQHandler                          0x000002a7   Thumb Code     0  startup_mkl25z4.o(.text)
    I2C1_IRQHandler                          0x000002a7   Thumb Code     0  startup_mkl25z4.o(.text)
    LLWU_IRQHandler                          0x000002a7   Thumb Code     0  startup_mkl25z4.o(.text)
    LPTMR0_IRQHandler                        0x000002a7   Thumb Code     0  startup_mkl25z4.o(.text)
    LVD_LVW_IRQHandler                       0x000002a7   Thumb Code     0  startup_mkl25z4.o(.text)
    MCG_IRQHandler                           0x000002a7   Thumb Code     0  startup_mkl25z4.o(.text)
    PIT_IRQHandler                           0x000002a7   Thumb Code     0  startup_mkl25z4.o(.text)
    PORTA_IRQHandler                         0x000002a7   Thumb Code     0  startup_mkl25z4.o(.text)
    PORTD_IRQHandler                         0x000002a7   Thumb Code     0  startup_mkl25z4.o(.text)
    RTC_IRQHandler                           0x000002a7   Thumb Code     0  startup_mkl25z4.o(.text)
    RTC_Seconds_IRQHandler                   0x000002a7   Thumb Code     0  startup_mkl25z4.o(.text)
    Reserved20_IRQHandler                    0x000002a7   Thumb Code     0  startup_mkl25z4.o(.text)
    Reserved39_IRQHandler                    0x000002a7   Thumb Code     0  startup_mkl25z4.o(.text)
    Reserved45_IRQHandler                    0x000002a7   Thumb Code     0  startup_mkl25z4.o(.text)
    SPI0_IRQHandler                          0x000002a7   Thumb Code     0  startup_mkl25z4.o(.text)
    SPI1_IRQHandler                          0x000002a7   Thumb Code     0  startup_mkl25z4.o(.text)
    TPM0_IRQHandler                          0x000002a7   Thumb Code     0  startup_mkl25z4.o(.text)
    TPM1_IRQHandler                          0x000002a7   Thumb Code     0  startup_mkl25z4.o(.text)
    TPM2_IRQHandler                          0x000002a7   Thumb Code     0  startup_mkl25z4.o(.text)
    TSI0_IRQHandler                          0x000002a7   Thumb Code     0  startup_mkl25z4.o(.text)
    UART0_IRQHandler                         0x000002a7   Thumb Code     0  startup_mkl25z4.o(.text)
    UART1_IRQHandler                         0x000002a7   Thumb Code     0  startup_mkl25z4.o(.text)
    UART2_IRQHandler                         0x000002a7   Thumb Code     0  startup_mkl25z4.o(.text)
    USB0_IRQHandler                          0x000002a7   Thumb Code     0  startup_mkl25z4.o(.text)
    __aeabi_fadd                             0x000002b9   Thumb Code   162  fadd.o(.text)
    __aeabi_fsub                             0x0000035b   Thumb Code     8  fadd.o(.text)
    __aeabi_frsub                            0x00000363   Thumb Code     8  fadd.o(.text)
    __aeabi_fmul                             0x0000036b   Thumb Code   122  fmul.o(.text)
    __aeabi_fcmple                           0x000003e5   Thumb Code    28  fcmple.o(.text)
    i2c_init                                 0x00000411   Thumb Code    64  i2c.o(.text)
    i2c_busy                                 0x0000045d   Thumb Code   160  i2c.o(.text)
    i2c_wait                                 0x00000509   Thumb Code    72  i2c.o(.text)
    i2c_start                                0x00000559   Thumb Code    20  i2c.o(.text)
    i2c_read_setup                           0x00000571   Thumb Code   240  i2c.o(.text)
    i2c_repeated_read                        0x00000669   Thumb Code    88  i2c.o(.text)
    i2c_read_byte                            0x000006c9   Thumb Code   348  i2c.o(.text)
    i2c_write_byte                           0x0000082d   Thumb Code   244  i2c.o(.text)
    init_mma                                 0x00000929   Thumb Code    40  mma8451.o(.text)
    read_full_xyz                            0x00000951   Thumb Code   124  mma8451.o(.text)
    read_xyz                                 0x000009d9   Thumb Code    64  mma8451.o(.text)
    convert_xyz_to_roll_pitch                0x00000a25   Thumb Code   212  mma8451.o(.text)
    SystemInit                               0x00000b1d   Thumb Code   184  system_mkl25z4.o(.text)
    SystemCoreClockUpdate                    0x00000bfd   Thumb Code   240  system_mkl25z4.o(.text)
    __aeabi_dmul                             0x00000d09   Thumb Code   202  dmul.o(.text)
    __aeabi_ddiv                             0x00000dd9   Thumb Code   234  ddiv.o(.text)
    __aeabi_fcmpgt                           0x00000ec9   Thumb Code    28  fcmpgt.o(.text)
    __aeabi_i2d                              0x00000ee5   Thumb Code    34  dflti.o(.text)
    __aeabi_f2d                              0x00000f0d   Thumb Code    40  f2d.o(.text)
    __aeabi_d2f                              0x00000f35   Thumb Code    56  d2f.o(.text)
    __aeabi_uidiv                            0x00000f6d   Thumb Code     0  uidiv_div0.o(.text)
    __aeabi_uidivmod                         0x00000f6d   Thumb Code    62  uidiv_div0.o(.text)
    __I$use$fp                               0x00000fab   Thumb Code     0  iusefp.o(.text)
    _float_round                             0x00000fab   Thumb Code    16  fepilogue.o(.text)
    _float_epilogue                          0x00000fbb   Thumb Code   114  fepilogue.o(.text)
    _double_round                            0x0000102d   Thumb Code    26  depilogue.o(.text)
    _double_epilogue                         0x00001047   Thumb Code   164  depilogue.o(.text)
    __aeabi_dadd                             0x000010ed   Thumb Code   328  dadd.o(.text)
    __aeabi_dsub                             0x00001235   Thumb Code    12  dadd.o(.text)
    __aeabi_drsub                            0x00001241   Thumb Code    12  dadd.o(.text)
    _dsqrt                                   0x00001251   Thumb Code   162  dsqrt.o(.text)
    __aeabi_cdcmpeq                          0x000012f5   Thumb Code     0  cdcmple.o(.text)
    __aeabi_cdcmple                          0x000012f5   Thumb Code    38  cdcmple.o(.text)
    __scatterload                            0x0000131d   Thumb Code    28  init.o(.text)
    __scatterload_rt2                        0x0000131d   Thumb Code     0  init.o(.text)
    __aeabi_llsl                             0x00001341   Thumb Code    32  llshl.o(.text)
    _ll_shift_l                              0x00001341   Thumb Code     0  llshl.o(.text)
    __aeabi_llsr                             0x00001361   Thumb Code    34  llushr.o(.text)
    _ll_ushift_r                             0x00001361   Thumb Code     0  llushr.o(.text)
    __aeabi_lasr                             0x00001383   Thumb Code    38  llsshr.o(.text)
    _ll_sshift_r                             0x00001383   Thumb Code     0  llsshr.o(.text)
    __ARM_scalbn                             0x000013a9   Thumb Code    44  dscalb.o(.text)
    scalbn                                   0x000013a9   Thumb Code     0  dscalb.o(.text)
    __ARM_clz                                0x000013d5   Thumb Code    46  depilogue.o(i.__ARM_clz)
    __ARM_fpclassify                         0x00001405   Thumb Code    40  fpclassify.o(i.__ARM_fpclassify)
    __kernel_poly                            0x00001431   Thumb Code   172  poly.o(i.__kernel_poly)
    __mathlib_dbl_infnan                     0x000014dd   Thumb Code    10  dunder.o(i.__mathlib_dbl_infnan)
    __mathlib_dbl_infnan2                    0x000014e7   Thumb Code     8  dunder.o(i.__mathlib_dbl_infnan2)
    __mathlib_dbl_underflow                  0x000014f1   Thumb Code    14  dunder.o(i.__mathlib_dbl_underflow)
    __scatterload_copy                       0x00001505   Thumb Code    14  handlers.o(i.__scatterload_copy)
    __scatterload_null                       0x00001513   Thumb Code     2  handlers.o(i.__scatterload_null)
    __scatterload_zeroinit                   0x00001515   Thumb Code    14  handlers.o(i.__scatterload_zeroinit)
    __set_errno                              0x00001525   Thumb Code     6  errno.o(i.__set_errno)
    atan                                     0x00001531   Thumb Code   472  atan.o(i.atan)
    atan2                                    0x0000174d   Thumb Code   372  atan2.o(i.atan2)
    sqrt                                     0x000018e9   Thumb Code    66  sqrt.o(i.sqrt)
    __mathlib_zero                           0x000019c8   Data           8  qnan.o(.constdata)
    Region$$Table$$Base                      0x000019d0   Number         0  anon$$obj.o(Region$$Table)
    Region$$Table$$Limit                     0x000019f0   Number         0  anon$$obj.o(Region$$Table)
    SystemCoreClock                          0x1ffff004   Data           4  system_mkl25z4.o(.data.SystemCoreClock)
    acc_X                                    0x1ffff008   Data           2  mma8451.o(.bss.acc_X)
    acc_Y                                    0x1ffff00a   Data           2  mma8451.o(.bss.acc_Y)
    acc_Z                                    0x1ffff00c   Data           2  mma8451.o(.bss.acc_Z)
    i2c_lock                                 0x1ffff010   Data           4  i2c.o(.bss.i2c_lock)
    lock_detect                              0x1ffff014   Data           4  i2c.o(.bss.lock_detect)
    pitch                                    0x1ffff018   Data           4  mma8451.o(.bss.pitch)
    roll                                     0x1ffff01c   Data           4  mma8451.o(.bss.roll)
    __initial_sp                             0x1ffff120   Data           0  startup_mkl25z4.o(STACK)



==============================================================================

Memory Map of the image

  Image Entry point : 0x000000c1

  Load Region LR_IROM1 (Base: 0x00000000, Size: 0x000019f8, Max: 0x00020000, ABSOLUTE)

    Execution Region ER_IROM1 (Exec base: 0x00000000, Load base: 0x00000000, Size: 0x000019f0, Max: 0x00020000, ABSOLUTE)

    Exec Addr    Load Addr    Size         Type   Attr      Idx    E Section Name        Object

    0x00000000   0x00000000   0x000000c0   Data   RO           58    RESET               startup_mkl25z4.o
    0x000000c0   0x000000c0   0x00000000   Code   RO           85  * .ARM.Collect$$$$00000000  mc_p.l(entry.o)
    0x000000c0   0x000000c0   0x00000004   Code   RO          132    .ARM.Collect$$$$00000001  mc_p.l(entry2.o)
    0x000000c4   0x000000c4   0x00000004   Code   RO          135    .ARM.Collect$$$$00000004  mc_p.l(entry5.o)
    0x000000c8   0x000000c8   0x00000000   Code   RO          137    .ARM.Collect$$$$00000008  mc_p.l(entry7b.o)
    0x000000c8   0x000000c8   0x00000000   Code   RO          139    .ARM.Collect$$$$0000000A  mc_p.l(entry8b.o)
    0x000000c8   0x000000c8   0x00000008   Code   RO          140    .ARM.Collect$$$$0000000B  mc_p.l(entry9a.o)
    0x000000d0   0x000000d0   0x00000000   Code   RO          142    .ARM.Collect$$$$0000000D  mc_p.l(entry10a.o)
    0x000000d0   0x000000d0   0x00000000   Code   RO          144    .ARM.Collect$$$$0000000F  mc_p.l(entry11a.o)
    0x000000d0   0x000000d0   0x00000004   Code   RO          133    .ARM.Collect$$$$00002712  mc_p.l(entry2.o)
    0x000000d4   0x000000d4   0x00000098   Code   RO            1    .text               main.o
    0x0000016c   0x0000016c   0x000000a4   Code   RO            9    .text               leds.o
    0x00000210   0x00000210   0x00000024   Code   RO           40    .text               delay.o
    0x00000234   0x00000234   0x0000005c   Code   RO           48    .text               cop_wdt.o
    0x00000290   0x00000290   0x00000028   Code   RO           60    .text               startup_mkl25z4.o
    0x000002b8   0x000002b8   0x000000b2   Code   RO           94    .text               mf_p.l(fadd.o)
    0x0000036a   0x0000036a   0x0000007a   Code   RO           96    .text               mf_p.l(fmul.o)
    0x000003e4   0x000003e4   0x0000001c   Code   RO          102    .text               mf_p.l(fcmple.o)
    0x00000400   0x00000400   0x00000010   Code   RO           59    .ARM.__at_0x400     startup_mkl25z4.o
    0x00000410   0x00000410   0x00000518   Code   RO           17    .text               i2c.o
    0x00000928   0x00000928   0x000001f4   Code   RO           27    .text               mma8451.o
    0x00000b1c   0x00000b1c   0x000001ec   Code   RO           68    .text               system_mkl25z4.o
    0x00000d08   0x00000d08   0x000000d0   Code   RO           98    .text               mf_p.l(dmul.o)
    0x00000dd8   0x00000dd8   0x000000f0   Code   RO          100    .text               mf_p.l(ddiv.o)
    0x00000ec8   0x00000ec8   0x0000001c   Code   RO          104    .text               mf_p.l(fcmpgt.o)
    0x00000ee4   0x00000ee4   0x00000028   Code   RO          106    .text               mf_p.l(dflti.o)
    0x00000f0c   0x00000f0c   0x00000028   Code   RO          108    .text               mf_p.l(f2d.o)
    0x00000f34   0x00000f34   0x00000038   Code   RO          110    .text               mf_p.l(d2f.o)
    0x00000f6c   0x00000f6c   0x0000003e   Code   RO          150    .text               mc_p.l(uidiv_div0.o)
    0x00000faa   0x00000faa   0x00000000   Code   RO          163    .text               mc_p.l(iusefp.o)
    0x00000faa   0x00000faa   0x00000082   Code   RO          164    .text               mf_p.l(fepilogue.o)
    0x0000102c   0x0000102c   0x000000be   Code   RO          166    .text               mf_p.l(depilogue.o)
    0x000010ea   0x000010ea   0x00000002   PAD
    0x000010ec   0x000010ec   0x00000164   Code   RO          170    .text               mf_p.l(dadd.o)
    0x00001250   0x00001250   0x000000a2   Code   RO          172    .text               mf_p.l(dsqrt.o)
    0x000012f2   0x000012f2   0x00000002   PAD
    0x000012f4   0x000012f4   0x00000028   Code   RO          174    .text               mf_p.l(cdcmple.o)
    0x0000131c   0x0000131c   0x00000024   Code   RO          180    .text               mc_p.l(init.o)
    0x00001340   0x00001340   0x00000020   Code   RO          182    .text               mc_p.l(llshl.o)
    0x00001360   0x00001360   0x00000022   Code   RO          184    .text               mc_p.l(llushr.o)
    0x00001382   0x00001382   0x00000026   Code   RO          186    .text               mc_p.l(llsshr.o)
    0x000013a8   0x000013a8   0x0000002c   Code   RO          188    .text               mf_p.l(dscalb.o)
    0x000013d4   0x000013d4   0x0000002e   Code   RO          168    i.__ARM_clz         mf_p.l(depilogue.o)
    0x00001402   0x00001402   0x00000002   PAD
    0x00001404   0x00001404   0x0000002c   Code   RO          176    i.__ARM_fpclassify  m_ps.l(fpclassify.o)
    0x00001430   0x00001430   0x000000ac   Code   RO          178    i.__kernel_poly     m_ps.l(poly.o)
    0x000014dc   0x000014dc   0x0000000a   Code   RO          118    i.__mathlib_dbl_infnan  m_ps.l(dunder.o)
    0x000014e6   0x000014e6   0x00000008   Code   RO          119    i.__mathlib_dbl_infnan2  m_ps.l(dunder.o)
    0x000014ee   0x000014ee   0x00000002   PAD
    0x000014f0   0x000014f0   0x00000014   Code   RO          123    i.__mathlib_dbl_underflow  m_ps.l(dunder.o)
    0x00001504   0x00001504   0x0000000e   Code   RO          192    i.__scatterload_copy  mc_p.l(handlers.o)
    0x00001512   0x00001512   0x00000002   Code   RO          193    i.__scatterload_null  mc_p.l(handlers.o)
    0x00001514   0x00001514   0x0000000e   Code   RO          194    i.__scatterload_zeroinit  mc_p.l(handlers.o)
    0x00001522   0x00001522   0x00000002   PAD
    0x00001524   0x00001524   0x0000000c   Code   RO          158    i.__set_errno       mc_p.l(errno.o)
    0x00001530   0x00001530   0x0000021c   Code   RO          113    i.atan              m_ps.l(atan.o)
    0x0000174c   0x0000174c   0x0000019c   Code   RO           78    i.atan2             m_ps.l(atan2.o)
    0x000018e8   0x000018e8   0x00000048   Code   RO           82    i.sqrt              m_ps.l(sqrt.o)
    0x00001930   0x00001930   0x00000098   Data   RO          114    .constdata          m_ps.l(atan.o)
    0x000019c8   0x000019c8   0x00000008   Data   RO          131    .constdata          m_ps.l(qnan.o)
    0x000019d0   0x000019d0   0x00000020   Data   RO          191    Region$$Table       anon$$obj.o


    Execution Region RW_IRAM1 (Exec base: 0x1ffff000, Load base: 0x000019f0, Size: 0x00000120, Max: 0x00004000, ABSOLUTE)

    Exec Addr    Load Addr    Size         Type   Attr      Idx    E Section Name        Object

    0x1ffff000   0x000019f0   0x00000004   Data   RW          159    .data               mc_p.l(errno.o)
    0x1ffff004   0x000019f4   0x00000004   Data   RW           70    .data.SystemCoreClock  system_mkl25z4.o
    0x1ffff008        -       0x00000002   Zero   RW           29    .bss.acc_X          mma8451.o
    0x1ffff00a        -       0x00000002   Zero   RW           30    .bss.acc_Y          mma8451.o
    0x1ffff00c        -       0x00000002   Zero   RW           31    .bss.acc_Z          mma8451.o
    0x1ffff00e   0x000019f8   0x00000002   PAD
    0x1ffff010        -       0x00000004   Zero   RW           20    .bss.i2c_lock       i2c.o
    0x1ffff014        -       0x00000004   Zero   RW           19    .bss.lock_detect    i2c.o
    0x1ffff018        -       0x00000004   Zero   RW           33    .bss.pitch          mma8451.o
    0x1ffff01c        -       0x00000004   Zero   RW           32    .bss.roll           mma8451.o
    0x1ffff020        -       0x00000100   Zero   RW           56    STACK               startup_mkl25z4.o


==============================================================================

Image component sizes


      Code (inc. data)   RO Data    RW Data    ZI Data      Debug   Object Name

        92         12          0          0          0       1943   cop_wdt.o
        36          4          0          0          0        617   delay.o
      1304         68          0          0          8       4118   i2c.o
       164         32          0          0          0       2066   leds.o
       152         16          0          0          0        467   main.o
       500         60          0          0         14       1604   mma8451.o
        56         30        192          0        256        936   startup_mkl25z4.o
       492         76          0          4          0       3227   system_mkl25z4.o

    ----------------------------------------------------------------------
      2796        298        224          4        280      14978   Object Totals
         0          0         32          0          0          0   (incl. Generated)
         0          0          0          0          2          0   (incl. Padding)

    ----------------------------------------------------------------------

      Code (inc. data)   RO Data    RW Data    ZI Data      Debug   Library Member Name

       540         68        152          0          0        112   atan.o
       412         40          0          0          0        144   atan2.o
        38          6          0          0          0        204   dunder.o
        44          4          0          0          0         60   fpclassify.o
       172          0          0          0          0         76   poly.o
         0          0          8          0          0          0   qnan.o
        72          6          0          0          0         76   sqrt.o
         0          0          0          0          0          0   entry.o
         0          0          0          0          0          0   entry10a.o
         0          0          0          0          0          0   entry11a.o
         8          4          0          0          0          0   entry2.o
         4          0          0          0          0          0   entry5.o
         0          0          0          0          0          0   entry7b.o
         0          0          0          0          0          0   entry8b.o
         8          4          0          0          0          0   entry9a.o
        12          6          0          4          0         60   errno.o
        30          0          0          0          0          0   handlers.o
        36          8          0          0          0         68   init.o
         0          0          0          0          0          0   iusefp.o
        32          0          0          0          0         68   llshl.o
        38          0          0          0          0         68   llsshr.o
        34          0          0          0          0         68   llushr.o
        62          0          0          0          0         72   uidiv_div0.o
        40          2          0          0          0         68   cdcmple.o
        56          0          0          0          0         68   d2f.o
       356          4          0          0          0        140   dadd.o
       240          6          0          0          0         84   ddiv.o
       236          0          0          0          0        216   depilogue.o
        40          6          0          0          0         68   dflti.o
       208          6          0          0          0         88   dmul.o
        44          0          0          0          0         72   dscalb.o
       162          0          0          0          0         80   dsqrt.o
        40          0          0          0          0         60   f2d.o
       178          0          0          0          0        108   fadd.o
        28          0          0          0          0         60   fcmpgt.o
        28          0          0          0          0         60   fcmple.o
       130          0          0          0          0        144   fepilogue.o
       122          0          0          0          0         72   fmul.o

    ----------------------------------------------------------------------
      3460        170        160          4          0       2464   Library Totals
        10          0          0          0          0          0   (incl. Padding)

    ----------------------------------------------------------------------

      Code (inc. data)   RO Data    RW Data    ZI Data      Debug   Library Name

      1278        124        160          0          0        672   m_ps.l
       264         22          0          4          0        404   mc_p.l
      1908         24          0          0          0       1388   mf_p.l

    ----------------------------------------------------------------------
      3460        170        160          4          0       2464   Library Totals

    ----------------------------------------------------------------------

==============================================================================


      Code (inc. data)   RO Data    RW Data    ZI Data      Debug   

      6256        468        384          8        280      16278   Grand Totals
      6256        468        384          8        280      16278   ELF Image Totals
      6256        468        384          8          0          0   ROM Totals

==============================================================================

    Total RO  Size (Code + RO Data)                 6640 (   6.48kB)
    Total RW  Size (RW Data + ZI Data)               288 (   0.28kB)
    Total ROM Size (Code + RO Data + RW Data)       6648 (   6.49kB)

==============================================================================

